
> my-frontend-app@0.0.0 dev
> vite --host 0.0.0.0


  [32m[1mVITE[22m v8.1.5[39m  [2mready in [0m[1m381[22m[2m[0m ms[22m

  [32m➜[39m  [1mLocal[22m:   [36mhttp://localhost:[1m5173[22m/[39m
  [32m➜[39m  [1mNetwork[22m: [36mhttp://192.168.1.35:[1m5173[22m/[39m
  [32m➜[39m  [1mNetwork[22m: [36mhttp://172.30.16.1:[1m5173[22m/[39m
[2m[32m  ➜[39m[22m[2m  press [22m[1mh + enter[22m[2m to show help[22m
[2m3:29:24 AM[22m [31m[1m[vite][22m[39m [31m[2m(client)[22m[39m [31m[Unhandled error] [1mReferenceError[22m: eventColor is not defined
[39m > src/assets/PAGES/DASH_BOARDS/proc_manager/modules/ProcurementTracking.jsx:217:28
    215 |            <div className="emp-timeline-container">
    216 |              {timeline.events.slice().reverse().map((step, index) => {
    217 |                const color = eventColor(step.type);
        |                              ^
    218 |                const done = ["APPROVED", "COMPLETED", "AUTO_APPROVED", "PR_CREATED", "PR_SUBMITTED", "RFQ_CREATED", "P...
    219 |                const rejected = (step.type || "").includes("REJECTED");
 > ProcurementTracking src/assets/PAGES/DASH_BOARDS/proc_manager/modules/ProcurementTracking.jsx:216:47
 > Object.react_stack_bottom_frame node_modules/react-dom/cjs/react-dom-client.development.js:25904:19
 > renderWithHooks node_modules/react-dom/cjs/react-dom-client.development.js:7662:21
 > updateFunctionComponent node_modules/react-dom/cjs/react-dom-client.development.js:10166:18
 > beginWork node_modules/react-dom/cjs/react-dom-client.development.js:11778:17
 > runWithFiberInDEV node_modules/react-dom/cjs/react-dom-client.development.js:871:29
 > performUnitOfWork node_modules/react-dom/cjs/react-dom-client.development.js:17641:21
 > workLoopSync node_modules/react-dom/cjs/react-dom-client.development.js:17469:40

[2m3:29:24 AM[22m [33m[1m[vite][22m[39m [33m[2m(client)[22m[39m [2m[console.warn] [22mAn error occurred in the <ProcurementTracking> component.

Consider adding an error boundary to your tree to customize error handling behavior.
Visit https://react.dev/link/error-boundaries to learn more about error boundaries.

[2m3:29:34 AM[22m [31m[1m[vite][22m[39m [31m[2m(client)[22m[39m [31m[Unhandled error] [1mReferenceError[22m: eventColor is not defined
[39m > src/assets/PAGES/DASH_BOARDS/proc_manager/modules/ProcurementTracking.jsx:217:28
    215 |            <div className="emp-timeline-container">
    216 |              {timeline.events.slice().reverse().map((step, index) => {
    217 |                const color = eventColor(step.type);
        |                              ^
    218 |                const done = ["APPROVED", "COMPLETED", "AUTO_APPROVED", "PR_CREATED", "PR_SUBMITTED", "RFQ_CREATED", "P...
    219 |                const rejected = (step.type || "").includes("REJECTED");
 > ProcurementTracking src/assets/PAGES/DASH_BOARDS/proc_manager/modules/ProcurementTracking.jsx:216:47
 > Object.react_stack_bottom_frame node_modules/react-dom/cjs/react-dom-client.development.js:25904:19
 > renderWithHooks node_modules/react-dom/cjs/react-dom-client.development.js:7662:21
 > updateFunctionComponent node_modules/react-dom/cjs/react-dom-client.development.js:10166:18
 > beginWork node_modules/react-dom/cjs/react-dom-client.development.js:11778:17
 > runWithFiberInDEV node_modules/react-dom/cjs/react-dom-client.development.js:871:29
 > performUnitOfWork node_modules/react-dom/cjs/react-dom-client.development.js:17641:21
 > workLoopSync node_modules/react-dom/cjs/react-dom-client.development.js:17469:40

[2m3:29:34 AM[22m [33m[1m[vite][22m[39m [33m[2m(client)[22m[39m [2m[console.warn] [22mAn error occurred in the <ProcurementTracking> component.

Consider adding an error boundary to your tree to customize error handling behavior.
Visit https://react.dev/link/error-boundaries to learn more about error boundaries.

[2m3:29:46 AM[22m [31m[1m[vite][22m[39m [31m[2m(client)[22m[39m [31m[Unhandled error] [1mReferenceError[22m: eventColor is not defined
[39m > src/assets/PAGES/DASH_BOARDS/proc_manager/modules/ProcurementTracking.jsx:217:28
    215 |            <div className="emp-timeline-container">
    216 |              {timeline.events.slice().reverse().map((step, index) => {
    217 |                const color = eventColor(step.type);
        |                              ^
    218 |                const done = ["APPROVED", "COMPLETED", "AUTO_APPROVED", "PR_CREATED", "PR_SUBMITTED", "RFQ_CREATED", "P...
    219 |                const rejected = (step.type || "").includes("REJECTED");
 > ProcurementTracking src/assets/PAGES/DASH_BOARDS/proc_manager/modules/ProcurementTracking.jsx:216:47
 > Object.react_stack_bottom_frame node_modules/react-dom/cjs/react-dom-client.development.js:25904:19
 > renderWithHooks node_modules/react-dom/cjs/react-dom-client.development.js:7662:21
 > updateFunctionComponent node_modules/react-dom/cjs/react-dom-client.development.js:10166:18
 > beginWork node_modules/react-dom/cjs/react-dom-client.development.js:11778:17
 > runWithFiberInDEV node_modules/react-dom/cjs/react-dom-client.development.js:871:29
 > performUnitOfWork node_modules/react-dom/cjs/react-dom-client.development.js:17641:21
 > workLoopSync node_modules/react-dom/cjs/react-dom-client.development.js:17469:40

[2m3:29:46 AM[22m [33m[1m[vite][22m[39m [33m[2m(client)[22m[39m [2m[console.warn] [22mAn error occurred in the <ProcurementTracking> component.

Consider adding an error boundary to your tree to customize error handling behavior.
Visit https://react.dev/link/error-boundaries to learn more about error boundaries.

